---
source: cargo-dist/tests/cli-tests.rs
expression: format_outputs(&output)
---
stdout:
{
  "dist_version": "1.0.0-FAKEVERSION",
  "announcement_tag": "CENSORED",
  "announcement_is_prerelease": "CENSORED"
  "announcement_title": "CENSORED"
  "announcement_changelog": "CENSORED"
  "announcement_github_body": "CENSORED"
  "releases": [
    {
      "app_name": "cargo-dist",
      "app_version": "1.0.0-FAKEVERSION",
      "artifacts": [
        {
          "name": "cargo-dist-v1.0.0-FAKEVERSION-installer.sh",
          "kind": "installer",
          "target_triples": [
            "x86_64-apple-darwin",
            "x86_64-unknown-linux-gnu"
          ],
          "install_hint": "# WARNING: this installer is experimental\ncurl --proto '=https' --tlsv1.2 -LsSf https://github.com/axodotdev/cargo-dist/releases/download/v1.0.0-FAKEVERSION/cargo-dist-v1.0.0-FAKEVERSION-installer.sh | sh",
          "description": "Install prebuilt binaries via shell script"
        },
        {
          "name": "cargo-dist-v1.0.0-FAKEVERSION-installer.ps1",
          "kind": "installer",
          "target_triples": [
            "x86_64-pc-windows-msvc"
          ],
          "install_hint": "# WARNING: this installer is experimental\nirm https://github.com/axodotdev/cargo-dist/releases/download/v1.0.0-FAKEVERSION/cargo-dist-v1.0.0-FAKEVERSION-installer.ps1 | iex",
          "description": "Install prebuilt binaries via powershell script"
        },
        {
          "name": "cargo-dist-v1.0.0-FAKEVERSION-x86_64-apple-darwin.tar.xz",
          "kind": "executable-zip",
          "target_triples": [
            "x86_64-apple-darwin"
          ],
          "assets": [
            {
              "name": "LICENSE-APACHE",
              "path": "LICENSE-APACHE",
              "kind": "license"
            },
            {
              "name": "LICENSE-MIT",
              "path": "LICENSE-MIT",
              "kind": "license"
            },
            {
              "name": "README.md",
              "path": "README.md",
              "kind": "readme"
            },
            {
              "name": "RELEASES.md",
              "path": "RELEASES.md",
              "kind": "changelog"
            },
            {
              "name": "cargo-dist",
              "path": "cargo-dist",
              "kind": "executable"
            }
          ]
        },
        {
          "name": "cargo-dist-v1.0.0-FAKEVERSION-x86_64-pc-windows-msvc.zip",
          "kind": "executable-zip",
          "target_triples": [
            "x86_64-pc-windows-msvc"
          ],
          "assets": [
            {
              "name": "LICENSE-APACHE",
              "path": "LICENSE-APACHE",
              "kind": "license"
            },
            {
              "name": "LICENSE-MIT",
              "path": "LICENSE-MIT",
              "kind": "license"
            },
            {
              "name": "README.md",
              "path": "README.md",
              "kind": "readme"
            },
            {
              "name": "RELEASES.md",
              "path": "RELEASES.md",
              "kind": "changelog"
            },
            {
              "name": "cargo-dist",
              "path": "cargo-dist.exe",
              "kind": "executable"
            }
          ]
        },
        {
          "name": "cargo-dist-v1.0.0-FAKEVERSION-x86_64-unknown-linux-gnu.tar.xz",
          "kind": "executable-zip",
          "target_triples": [
            "x86_64-unknown-linux-gnu"
          ],
          "assets": [
            {
              "name": "LICENSE-APACHE",
              "path": "LICENSE-APACHE",
              "kind": "license"
            },
            {
              "name": "LICENSE-MIT",
              "path": "LICENSE-MIT",
              "kind": "license"
            },
            {
              "name": "README.md",
              "path": "README.md",
              "kind": "readme"
            },
            {
              "name": "RELEASES.md",
              "path": "RELEASES.md",
              "kind": "changelog"
            },
            {
              "name": "cargo-dist",
              "path": "cargo-dist",
              "kind": "executable"
            }
          ]
        }
      ]
    }
  ]
}

stderr:
analyzing workspace:
  cargo-dist
    [bin] cargo-dist
  cargo-dist-schema (no binaries)


