---
source: cargo-dist/tests/cli-tests.rs
expression: format_outputs(&output)
---
stdout:
{
  "dist_version": "1.0.0-FAKEVERSION",
  "announcement_tag": "CENSORED",
  "announcement_is_prerelease": "CENSORED"
  "announcement_title": "CENSORED"
  "announcement_changelog": "CENSORED"
  "announcement_github_body": "CENSORED"
  "system_info": {
    "cargo_version_line": "CENSORED"
  },
  "releases": [
    {
      "app_name": "cargo-dist",
      "app_version": "1.0.0-FAKEVERSION",
      "artifacts": [
        "source.tar.gz",
        "source.tar.gz.sha256",
        "dist-manifest-schema.json",
        "cargo-dist-installer.sh",
        "cargo-dist-installer.ps1",
        "cargo-dist.rb",
        "cargo-dist-aarch64-apple-darwin.tar.xz",
        "cargo-dist-aarch64-apple-darwin.tar.xz.sha256",
        "cargo-dist-x86_64-apple-darwin.tar.xz",
        "cargo-dist-x86_64-apple-darwin.tar.xz.sha256",
        "cargo-dist-x86_64-pc-windows-msvc.zip",
        "cargo-dist-x86_64-pc-windows-msvc.zip.sha256",
        "cargo-dist-x86_64-unknown-linux-gnu.tar.xz",
        "cargo-dist-x86_64-unknown-linux-gnu.tar.xz.sha256",
        "cargo-dist-x86_64-unknown-linux-musl.tar.xz",
        "cargo-dist-x86_64-unknown-linux-musl.tar.xz.sha256"
      ],
      "hosting": {
        "github": {
          "artifact_download_url": "https://github.com/axodotdev/cargo-dist/releases/download/v1.0.0-FAKEVERSION"
        }
      }
    }
  ],
  "artifacts": {
    "cargo-dist-aarch64-apple-darwin.tar.xz": {
      "name": "cargo-dist-aarch64-apple-darwin.tar.xz",
      "kind": "executable-zip",
      "target_triples": [
        "aarch64-apple-darwin"
      ],
      "assets": [
        {
          "name": "CHANGELOG.md",
          "path": "CHANGELOG.md",
          "kind": "changelog"
        },
        {
          "name": "LICENSE-APACHE",
          "path": "LICENSE-APACHE",
          "kind": "license"
        },
        {
          "name": "LICENSE-MIT",
          "path": "LICENSE-MIT",
          "kind": "license"
        },
        {
          "name": "README.md",
          "path": "README.md",
          "kind": "readme"
        },
        {
          "name": "cargo-dist",
          "path": "cargo-dist",
          "kind": "executable"
        }
      ],
      "checksum": "cargo-dist-aarch64-apple-darwin.tar.xz.sha256"
    },
    "cargo-dist-aarch64-apple-darwin.tar.xz.sha256": {
      "name": "cargo-dist-aarch64-apple-darwin.tar.xz.sha256",
      "kind": "checksum",
      "target_triples": [
        "aarch64-apple-darwin"
      ]
    },
    "cargo-dist-installer.ps1": {
      "name": "cargo-dist-installer.ps1",
      "kind": "installer",
      "target_triples": [
        "x86_64-pc-windows-msvc"
      ],
      "install_hint": "irm https://github.com/axodotdev/cargo-dist/releases/download/v1.0.0-FAKEVERSION/cargo-dist-installer.ps1 | iex",
      "description": "Install prebuilt binaries via powershell script"
    },
    "cargo-dist-installer.sh": {
      "name": "cargo-dist-installer.sh",
      "kind": "installer",
      "target_triples": [
        "aarch64-apple-darwin",
        "x86_64-apple-darwin",
        "x86_64-unknown-linux-gnu",
        "x86_64-unknown-linux-musl"
      ],
      "install_hint": "curl --proto '=https' --tlsv1.2 -LsSf https://github.com/axodotdev/cargo-dist/releases/download/v1.0.0-FAKEVERSION/cargo-dist-installer.sh | sh",
      "description": "Install prebuilt binaries via shell script"
    },
    "cargo-dist-x86_64-apple-darwin.tar.xz": {
      "name": "cargo-dist-x86_64-apple-darwin.tar.xz",
      "kind": "executable-zip",
      "target_triples": [
        "x86_64-apple-darwin"
      ],
      "assets": [
        {
          "name": "CHANGELOG.md",
          "path": "CHANGELOG.md",
          "kind": "changelog"
        },
        {
          "name": "LICENSE-APACHE",
          "path": "LICENSE-APACHE",
          "kind": "license"
        },
        {
          "name": "LICENSE-MIT",
          "path": "LICENSE-MIT",
          "kind": "license"
        },
        {
          "name": "README.md",
          "path": "README.md",
          "kind": "readme"
        },
        {
          "name": "cargo-dist",
          "path": "cargo-dist",
          "kind": "executable"
        }
      ],
      "checksum": "cargo-dist-x86_64-apple-darwin.tar.xz.sha256"
    },
    "cargo-dist-x86_64-apple-darwin.tar.xz.sha256": {
      "name": "cargo-dist-x86_64-apple-darwin.tar.xz.sha256",
      "kind": "checksum",
      "target_triples": [
        "x86_64-apple-darwin"
      ]
    },
    "cargo-dist-x86_64-pc-windows-msvc.zip": {
      "name": "cargo-dist-x86_64-pc-windows-msvc.zip",
      "kind": "executable-zip",
      "target_triples": [
        "x86_64-pc-windows-msvc"
      ],
      "assets": [
        {
          "name": "CHANGELOG.md",
          "path": "CHANGELOG.md",
          "kind": "changelog"
        },
        {
          "name": "LICENSE-APACHE",
          "path": "LICENSE-APACHE",
          "kind": "license"
        },
        {
          "name": "LICENSE-MIT",
          "path": "LICENSE-MIT",
          "kind": "license"
        },
        {
          "name": "README.md",
          "path": "README.md",
          "kind": "readme"
        },
        {
          "name": "cargo-dist",
          "path": "cargo-dist.exe",
          "kind": "executable"
        }
      ],
      "checksum": "cargo-dist-x86_64-pc-windows-msvc.zip.sha256"
    },
    "cargo-dist-x86_64-pc-windows-msvc.zip.sha256": {
      "name": "cargo-dist-x86_64-pc-windows-msvc.zip.sha256",
      "kind": "checksum",
      "target_triples": [
        "x86_64-pc-windows-msvc"
      ]
    },
    "cargo-dist-x86_64-unknown-linux-gnu.tar.xz": {
      "name": "cargo-dist-x86_64-unknown-linux-gnu.tar.xz",
      "kind": "executable-zip",
      "target_triples": [
        "x86_64-unknown-linux-gnu"
      ],
      "assets": [
        {
          "name": "CHANGELOG.md",
          "path": "CHANGELOG.md",
          "kind": "changelog"
        },
        {
          "name": "LICENSE-APACHE",
          "path": "LICENSE-APACHE",
          "kind": "license"
        },
        {
          "name": "LICENSE-MIT",
          "path": "LICENSE-MIT",
          "kind": "license"
        },
        {
          "name": "README.md",
          "path": "README.md",
          "kind": "readme"
        },
        {
          "name": "cargo-dist",
          "path": "cargo-dist",
          "kind": "executable"
        }
      ],
      "checksum": "cargo-dist-x86_64-unknown-linux-gnu.tar.xz.sha256"
    },
    "cargo-dist-x86_64-unknown-linux-gnu.tar.xz.sha256": {
      "name": "cargo-dist-x86_64-unknown-linux-gnu.tar.xz.sha256",
      "kind": "checksum",
      "target_triples": [
        "x86_64-unknown-linux-gnu"
      ]
    },
    "cargo-dist-x86_64-unknown-linux-musl.tar.xz": {
      "name": "cargo-dist-x86_64-unknown-linux-musl.tar.xz",
      "kind": "executable-zip",
      "target_triples": [
        "x86_64-unknown-linux-musl"
      ],
      "assets": [
        {
          "name": "CHANGELOG.md",
          "path": "CHANGELOG.md",
          "kind": "changelog"
        },
        {
          "name": "LICENSE-APACHE",
          "path": "LICENSE-APACHE",
          "kind": "license"
        },
        {
          "name": "LICENSE-MIT",
          "path": "LICENSE-MIT",
          "kind": "license"
        },
        {
          "name": "README.md",
          "path": "README.md",
          "kind": "readme"
        },
        {
          "name": "cargo-dist",
          "path": "cargo-dist",
          "kind": "executable"
        }
      ],
      "checksum": "cargo-dist-x86_64-unknown-linux-musl.tar.xz.sha256"
    },
    "cargo-dist-x86_64-unknown-linux-musl.tar.xz.sha256": {
      "name": "cargo-dist-x86_64-unknown-linux-musl.tar.xz.sha256",
      "kind": "checksum",
      "target_triples": [
        "x86_64-unknown-linux-musl"
      ]
    },
    "cargo-dist.rb": {
      "name": "cargo-dist.rb",
      "kind": "installer",
      "target_triples": [
        "aarch64-apple-darwin",
        "x86_64-apple-darwin",
        "x86_64-unknown-linux-gnu",
        "x86_64-unknown-linux-musl"
      ],
      "install_hint": "brew install axodotdev/homebrew-tap/cargo-dist",
      "description": "Install prebuilt binaries via Homebrew"
    },
    "dist-manifest-schema.json": {
      "name": "dist-manifest-schema.json",
      "kind": "extra-artifact"
    },
    "source.tar.gz": {
      "name": "source.tar.gz",
      "kind": "source-tarball",
      "checksum": "source.tar.gz.sha256"
    },
    "source.tar.gz.sha256": {
      "name": "source.tar.gz.sha256",
      "kind": "checksum"
    }
  },
  "publish_prereleases": false,
  "ci": {
    "github": {
      "artifacts_matrix": {
        "include": [
          {
            "targets": [
              "aarch64-apple-darwin"
            ],
            "runner": "macos-11",
            "install_dist": "curl --proto '=https' --tlsv1.2 -LsSf https://github.com/axodotdev/cargo-dist/releases/download/v1.0.0-FAKEVERSION/cargo-dist-installer.sh | sh",
            "dist_args": "--artifacts=local --target=aarch64-apple-darwin"
          },
          {
            "targets": [
              "x86_64-apple-darwin"
            ],
            "runner": "macos-11",
            "install_dist": "curl --proto '=https' --tlsv1.2 -LsSf https://github.com/axodotdev/cargo-dist/releases/download/v1.0.0-FAKEVERSION/cargo-dist-installer.sh | sh",
            "dist_args": "--artifacts=local --target=x86_64-apple-darwin"
          },
          {
            "targets": [
              "x86_64-pc-windows-msvc"
            ],
            "runner": "windows-2019",
            "install_dist": "irm  https://github.com/axodotdev/cargo-dist/releases/download/v1.0.0-FAKEVERSION/cargo-dist-installer.ps1 | iex",
            "dist_args": "--artifacts=local --target=x86_64-pc-windows-msvc"
          },
          {
            "targets": [
              "x86_64-unknown-linux-gnu"
            ],
            "runner": "ubuntu-20.04",
            "install_dist": "curl --proto '=https' --tlsv1.2 -LsSf https://github.com/axodotdev/cargo-dist/releases/download/v1.0.0-FAKEVERSION/cargo-dist-installer.sh | sh",
            "dist_args": "--artifacts=local --target=x86_64-unknown-linux-gnu"
          },
          {
            "targets": [
              "x86_64-unknown-linux-musl"
            ],
            "runner": "ubuntu-20.04",
            "install_dist": "curl --proto '=https' --tlsv1.2 -LsSf https://github.com/axodotdev/cargo-dist/releases/download/v1.0.0-FAKEVERSION/cargo-dist-installer.sh | sh",
            "dist_args": "--artifacts=local --target=x86_64-unknown-linux-musl",
            "packages_install": "sudo apt-get install musl-tools"
          }
        ]
      },
      "pr_run_mode": "plan"
    }
  },
  "linkage": []
}

stderr:

