---
source: tests/cli-tests.rs
expression: format_outputs(&output)
---
stdout:
cargo-dist 0.1.0
This is the description of my app!

USAGE:
    cargo-dist [OPTIONS]

OPTIONS:
    -h, --help       Print help information
    -V, --version    Print version information

GLOBAL OPTIONS:
        --output-format <OUTPUT_FORMAT>
            The format of the output [default: human] [possible values: human, json]

        --verbose <VERBOSE>
            How verbose logging should be (log level) [default: warn] [possible values: off, error,
            warn, info, debug, trace]

stderr:

